// Jest Snapshot v1, https://goo.gl/fbAQLP

exports[`<GamePause /> should render properly 1`] = `
<modal-element-stub name="pause-modal" title="underwater.pause">
  <menu-group-stub gamestate="hasRunningState" gamescore="1"></menu-group-stub>
</modal-element-stub>
`;
